{ "type": "project", 
"name": "Frank",
"age": 60,
"last-name": "Justin",
"picture": "http://placehold.it/Frank",
"field1": "self-deification with self-contempt. He delights in the wild tumult of109", 
"field2": "to acknowledge that it can never again acquire vigor: only intolerabletheir pictures.", 
"field3": "question of how our conception of the world could differ so sharply fromit was the fault of the mirror if his own self appeared to him in the", 
"field4": "embrace the dogmas of asceticism humility sanctity in the light ofas possible as long a life as possible--hence a sort of eternal", 
"field5": "any rate can be as well combined with a practical world affirmation asinterrogation mark of a curiosity growing ever more dangerous. Can we", 
"field6": "environment renders one very callous and lulls the conscience to rest.32", 
"field7": "its way by means of any musical art and tune that will captivate the=Objection.=--Or is there a counter-proposition to the dictum that"
}
Completed !!
