{ "type": "user",
"docid": "User-14180173217628174160",
"age": 60,
"eyeColor": "green",
"isActive": true,
"balance": "$81364.00",
"company": "PEARLESEX",
"first-name": "Oskar",
"last-name": "Plastic",
"emailid": "Oskar@gmail.com",
"picture": "http://placehold.it/Oskar",
"gender": "male",
"phone": "+88 ( 45) 381-12654",
"address": { "number": 711, "street": "President Street","city": "Hargeisa", "state": "Marshall Islands", "pin": 346328 },
"registered": "2008-08-20T03:27:01Z",
"friends": [ { "id": 0, "name": "Michael" }, { "id": 1, "name": "Alberto" }, { "id": 2, "name": "Jack" }, { "id": 3, "name": "Srivatsan" } ]
,
"field1": "you already use to calculate your applicable taxes.  The fee is",
"field2": "by his own standard of men and things. He himself decides for himself",
"field3": "possible. I mean: it is hasty and almost unreflective to assume that",
"field4": "live (their nerves). They employ the most painful expedients to escape",
"field5": "creating derivative works based on this work or any other Project",
"field6": "susceptible sensitive as to stand in need of the most effective means",
"field7": "predisposition in individuals a feeling in common can scarcely arise at"}
Completed !!
